// Jest Snapshot v1, https://goo.gl/fbAQLP

exports[`Form should match snapshot 1`] = `
<div>
  <div
    class="formComponentWrapper"
  >
    <form
      class="formContainer"
      data-testid="form"
    >
      <div
        class="MuiGrid2-root MuiGrid2-container MuiGrid2-direction-xs-row MuiGrid2-spacing-xs-3 centredFlexContainer css-12gchgm-MuiGrid2-root"
      >
        <div
          class="MuiGrid2-root MuiGrid2-direction-xs-row MuiGrid2-grid-xs-12 MuiGrid2-grid-md-6 formInput css-1odx5a8-MuiGrid2-root"
        >
          <div
            class="MuiFormControl-root MuiTextField-root css-1xp5r68-MuiFormControl-root-MuiTextField-root"
            data-testid="name"
          >
            <label
              class="MuiFormLabel-root MuiInputLabel-root MuiInputLabel-formControl MuiInputLabel-animated MuiInputLabel-shrink MuiInputLabel-sizeSmall MuiInputLabel-outlined MuiFormLabel-colorPrimary MuiFormLabel-filled Mui-required MuiInputLabel-root MuiInputLabel-formControl MuiInputLabel-animated MuiInputLabel-shrink MuiInputLabel-sizeSmall MuiInputLabel-outlined css-hvjq6j-MuiFormLabel-root-MuiInputLabel-root"
              data-shrink="true"
              for=":rk:"
              id=":rk:-label"
            >
              Name
              <span
                aria-hidden="true"
                class="MuiFormLabel-asterisk MuiInputLabel-asterisk css-1ljffdk-MuiFormLabel-asterisk"
              >
                 
                *
              </span>
            </label>
            <div
              class="MuiInputBase-root MuiOutlinedInput-root MuiInputBase-colorPrimary MuiInputBase-formControl MuiInputBase-sizeSmall css-quhxjy-MuiInputBase-root-MuiOutlinedInput-root"
            >
              <input
                aria-invalid="false"
                autocomplete="false"
                class="MuiInputBase-input MuiOutlinedInput-input MuiInputBase-inputSizeSmall css-1pzfmz2-MuiInputBase-input-MuiOutlinedInput-input"
                id=":rk:"
                name="name"
                required=""
                type="text"
                value="Leanne Graham"
              />
              <fieldset
                aria-hidden="true"
                class="MuiOutlinedInput-notchedOutline css-1ll44ll-MuiOutlinedInput-notchedOutline"
              >
                <legend
                  class="css-w1u3ce"
                >
                  <span>
                    Name
                     
                    *
                  </span>
                </legend>
              </fieldset>
            </div>
          </div>
        </div>
        <div
          class="MuiGrid2-root MuiGrid2-direction-xs-row MuiGrid2-grid-xs-12 MuiGrid2-grid-md-6 formInput css-1odx5a8-MuiGrid2-root"
        >
          <div
            class="MuiFormControl-root MuiTextField-root css-1xp5r68-MuiFormControl-root-MuiTextField-root"
            data-testid="email"
          >
            <label
              class="MuiFormLabel-root MuiInputLabel-root MuiInputLabel-formControl MuiInputLabel-animated MuiInputLabel-shrink MuiInputLabel-sizeSmall MuiInputLabel-outlined MuiFormLabel-colorPrimary MuiFormLabel-filled Mui-required MuiInputLabel-root MuiInputLabel-formControl MuiInputLabel-animated MuiInputLabel-shrink MuiInputLabel-sizeSmall MuiInputLabel-outlined css-hvjq6j-MuiFormLabel-root-MuiInputLabel-root"
              data-shrink="true"
              for=":rl:"
              id=":rl:-label"
            >
              Email
              <span
                aria-hidden="true"
                class="MuiFormLabel-asterisk MuiInputLabel-asterisk css-1ljffdk-MuiFormLabel-asterisk"
              >
                 
                *
              </span>
            </label>
            <div
              class="MuiInputBase-root MuiOutlinedInput-root MuiInputBase-colorPrimary MuiInputBase-formControl MuiInputBase-sizeSmall css-quhxjy-MuiInputBase-root-MuiOutlinedInput-root"
            >
              <input
                aria-invalid="false"
                autocomplete="false"
                class="MuiInputBase-input MuiOutlinedInput-input MuiInputBase-inputSizeSmall css-1pzfmz2-MuiInputBase-input-MuiOutlinedInput-input"
                id=":rl:"
                name="email"
                required=""
                type="email"
                value="Sincere@april.biz"
              />
              <fieldset
                aria-hidden="true"
                class="MuiOutlinedInput-notchedOutline css-1ll44ll-MuiOutlinedInput-notchedOutline"
              >
                <legend
                  class="css-w1u3ce"
                >
                  <span>
                    Email
                     
                    *
                  </span>
                </legend>
              </fieldset>
            </div>
          </div>
        </div>
        <div
          class="MuiGrid2-root MuiGrid2-direction-xs-row MuiGrid2-grid-xs-12 MuiGrid2-grid-md-6 formInput css-1odx5a8-MuiGrid2-root"
        >
          <div
            class="MuiFormControl-root MuiTextField-root css-1xp5r68-MuiFormControl-root-MuiTextField-root"
            data-testid="phone"
          >
            <label
              class="MuiFormLabel-root MuiInputLabel-root MuiInputLabel-formControl MuiInputLabel-animated MuiInputLabel-shrink MuiInputLabel-sizeSmall MuiInputLabel-outlined MuiFormLabel-colorPrimary MuiFormLabel-filled MuiInputLabel-root MuiInputLabel-formControl MuiInputLabel-animated MuiInputLabel-shrink MuiInputLabel-sizeSmall MuiInputLabel-outlined css-hvjq6j-MuiFormLabel-root-MuiInputLabel-root"
              data-shrink="true"
              for=":rm:"
              id=":rm:-label"
            >
              Phone number
            </label>
            <div
              class="MuiInputBase-root MuiOutlinedInput-root MuiInputBase-colorPrimary MuiInputBase-formControl MuiInputBase-sizeSmall css-quhxjy-MuiInputBase-root-MuiOutlinedInput-root"
            >
              <input
                aria-invalid="false"
                autocomplete="false"
                class="MuiInputBase-input MuiOutlinedInput-input MuiInputBase-inputSizeSmall css-1pzfmz2-MuiInputBase-input-MuiOutlinedInput-input"
                id=":rm:"
                name="phone"
                placeholder="380-999-9999"
                type="tel"
                value="1-770-736-8031"
              />
              <fieldset
                aria-hidden="true"
                class="MuiOutlinedInput-notchedOutline css-1ll44ll-MuiOutlinedInput-notchedOutline"
              >
                <legend
                  class="css-w1u3ce"
                >
                  <span>
                    Phone number
                  </span>
                </legend>
              </fieldset>
            </div>
          </div>
        </div>
        <div
          class="MuiGrid2-root MuiGrid2-direction-xs-row MuiGrid2-grid-xs-12 MuiGrid2-grid-md-6 formInput css-1odx5a8-MuiGrid2-root"
        >
          <div
            class="MuiFormControl-root MuiFormControl-fullWidth MuiTextField-root css-cmpglg-MuiFormControl-root-MuiTextField-root"
            data-testid="address"
          >
            <div
              class="MuiInputBase-root MuiOutlinedInput-root MuiInputBase-colorPrimary MuiInputBase-fullWidth MuiInputBase-formControl MuiInputBase-sizeSmall MuiInputBase-multiline css-szkf5z-MuiInputBase-root-MuiOutlinedInput-root"
            >
              <textarea
                aria-invalid="false"
                autocomplete="false"
                class="MuiInputBase-input MuiOutlinedInput-input MuiInputBase-inputMultiline MuiInputBase-inputSizeSmall css-msbelq-MuiInputBase-input-MuiOutlinedInput-input"
                id=":rn:"
                name="address"
                placeholder="Address"
                style="height: 0px; overflow: hidden;"
              >
                Kulas Light, Apt. 556, Gwenborough
              </textarea>
              <textarea
                aria-hidden="true"
                class="MuiInputBase-input MuiOutlinedInput-input MuiInputBase-inputMultiline MuiInputBase-inputSizeSmall css-msbelq-MuiInputBase-input-MuiOutlinedInput-input"
                readonly=""
                style="visibility: hidden; position: absolute; overflow: hidden; height: 0px; top: 0px; left: 0px; transform: translateZ(0); padding-top: 0px; padding-bottom: 0px; width: 100%;"
                tabindex="-1"
              />
              <fieldset
                aria-hidden="true"
                class="MuiOutlinedInput-notchedOutline css-1ll44ll-MuiOutlinedInput-notchedOutline"
              >
                <legend
                  class="css-w4cd9x"
                >
                  <span
                    aria-hidden="true"
                    class="notranslate"
                  >
                    ​
                  </span>
                </legend>
              </fieldset>
            </div>
          </div>
        </div>
        <button
          class="MuiButtonBase-root MuiButton-root MuiButton-contained MuiButton-containedPrimary MuiButton-sizeMedium MuiButton-containedSizeMedium MuiButton-colorPrimary MuiButton-root MuiButton-contained MuiButton-containedPrimary MuiButton-sizeMedium MuiButton-containedSizeMedium MuiButton-colorPrimary saveButton css-gdl1fq-MuiButtonBase-root-MuiButton-root"
          data-testid="save-button"
          tabindex="0"
          type="submit"
        >
          Save
        </button>
      </div>
    </form>
  </div>
</div>
`;
